Test run for C:\EduAssign\server\EduAssignPro.Tests\bin\Debug\net10.0\EduAssignPro.Tests.dll (.NETCoreApp,Version=v10.0)
A total of 1 test files matched the specified pattern.

Passed!  - Failed:     0, Passed:    45, Skipped:     0, Total:    45, Duration: 1 m 29 s - EduAssignPro.Tests.dll (net10.0)
